// Jest Snapshot v1, https://goo.gl/fbAQLP

exports[`<Loader/> renders 1`] = `
<div>
  <div
    class="Container"
  >
    <svg
      class="Icon"
    >
      bars.svg
    </svg>
  </div>
</div>
`;
